1740593066.480831 client started (3477093): version 3.2a, socket /tmp/tmux-1001/default, protocol 8
1740593066.480878 on Linux 6.5.0-44-generic #44~22.04.1-Ubuntu SMP PREEMPT_DYNAMIC Tue Jun 18 14:36:16 UTC 2
1740593066.480888 using libevent 2.1.12-stable (poll); ncurses 6.3
1740593066.480914 flags are 0x18010000
1740593066.480920 socket is /tmp/tmux-1001/default
1740593066.480938 trying connect
1740593066.481032 add peer 0x5e6e98361130: 6 ((nil))
1740593066.481508 sending message 100 to peer 0x5e6e98361130 (4 bytes)
1740593066.481522 sending message 111 to peer 0x5e6e98361130 (8 bytes)
1740593066.481529 sending message 101 to peer 0x5e6e98361130 (15 bytes)
1740593066.481535 sending message 109 to peer 0x5e6e98361130 (4 bytes)
1740593066.481540 sending message 102 to peer 0x5e6e98361130 (12 bytes)
1740593066.481546 sending message 108 to peer 0x5e6e98361130 (38 bytes)
1740593066.481553 sending message 112 to peer 0x5e6e98361130 (58 bytes)
1740593066.481559 sending message 112 to peer 0x5e6e98361130 (5 bytes)
1740593066.481565 sending message 112 to peer 0x5e6e98361130 (5 bytes)
1740593066.481571 sending message 112 to peer 0x5e6e98361130 (6 bytes)
1740593066.481577 sending message 112 to peer 0x5e6e98361130 (6 bytes)
1740593066.481590 sending message 112 to peer 0x5e6e98361130 (11 bytes)
1740593066.481596 sending message 112 to peer 0x5e6e98361130 (10 bytes)
1740593066.481602 sending message 112 to peer 0x5e6e98361130 (13 bytes)
1740593066.481608 sending message 112 to peer 0x5e6e98361130 (14 bytes)
1740593066.481613 sending message 112 to peer 0x5e6e98361130 (19 bytes)
1740593066.481619 sending message 112 to peer 0x5e6e98361130 (11 bytes)
1740593066.481625 sending message 112 to peer 0x5e6e98361130 (10 bytes)
1740593066.481631 sending message 112 to peer 0x5e6e98361130 (15 bytes)
1740593066.481637 sending message 112 to peer 0x5e6e98361130 (21 bytes)
1740593066.481643 sending message 112 to peer 0x5e6e98361130 (13 bytes)
1740593066.481648 sending message 112 to peer 0x5e6e98361130 (7 bytes)
1740593066.481655 sending message 112 to peer 0x5e6e98361130 (13 bytes)
1740593066.481661 sending message 112 to peer 0x5e6e98361130 (7 bytes)
1740593066.481667 sending message 112 to peer 0x5e6e98361130 (13 bytes)
1740593066.481673 sending message 112 to peer 0x5e6e98361130 (9 bytes)
1740593066.481679 sending message 112 to peer 0x5e6e98361130 (21 bytes)
1740593066.481686 sending message 112 to peer 0x5e6e98361130 (13 bytes)
1740593066.481691 sending message 112 to peer 0x5e6e98361130 (9 bytes)
1740593066.481697 sending message 112 to peer 0x5e6e98361130 (16 bytes)
1740593066.481703 sending message 112 to peer 0x5e6e98361130 (13 bytes)
1740593066.481709 sending message 112 to peer 0x5e6e98361130 (9 bytes)
1740593066.481715 sending message 112 to peer 0x5e6e98361130 (9 bytes)
1740593066.481720 sending message 112 to peer 0x5e6e98361130 (12 bytes)
1740593066.481726 sending message 112 to peer 0x5e6e98361130 (8 bytes)
1740593066.481732 sending message 112 to peer 0x5e6e98361130 (8 bytes)
1740593066.481738 sending message 112 to peer 0x5e6e98361130 (13 bytes)
1740593066.481744 sending message 112 to peer 0x5e6e98361130 (7 bytes)
1740593066.481750 sending message 112 to peer 0x5e6e98361130 (7 bytes)
1740593066.481756 sending message 112 to peer 0x5e6e98361130 (9 bytes)
1740593066.481762 sending message 112 to peer 0x5e6e98361130 (9 bytes)
1740593066.481767 sending message 112 to peer 0x5e6e98361130 (15 bytes)
1740593066.481773 sending message 112 to peer 0x5e6e98361130 (13 bytes)
1740593066.481779 sending message 112 to peer 0x5e6e98361130 (12 bytes)
1740593066.481785 sending message 112 to peer 0x5e6e98361130 (8 bytes)
1740593066.481791 sending message 112 to peer 0x5e6e98361130 (14 bytes)
1740593066.481798 sending message 112 to peer 0x5e6e98361130 (11 bytes)
1740593066.481803 sending message 112 to peer 0x5e6e98361130 (9 bytes)
1740593066.481809 sending message 112 to peer 0x5e6e98361130 (10 bytes)
1740593066.481815 sending message 112 to peer 0x5e6e98361130 (10 bytes)
1740593066.481820 sending message 112 to peer 0x5e6e98361130 (10 bytes)
1740593066.481837 sending message 112 to peer 0x5e6e98361130 (10 bytes)
1740593066.481843 sending message 112 to peer 0x5e6e98361130 (11 bytes)
1740593066.481848 sending message 112 to peer 0x5e6e98361130 (12 bytes)
1740593066.481854 sending message 112 to peer 0x5e6e98361130 (12 bytes)
1740593066.481859 sending message 112 to peer 0x5e6e98361130 (12 bytes)
1740593066.481865 sending message 112 to peer 0x5e6e98361130 (12 bytes)
1740593066.481871 sending message 112 to peer 0x5e6e98361130 (12 bytes)
1740593066.481877 sending message 112 to peer 0x5e6e98361130 (11 bytes)
1740593066.481883 sending message 112 to peer 0x5e6e98361130 (11 bytes)
1740593066.481889 sending message 112 to peer 0x5e6e98361130 (12 bytes)
1740593066.481895 sending message 112 to peer 0x5e6e98361130 (12 bytes)
1740593066.481900 sending message 112 to peer 0x5e6e98361130 (12 bytes)
1740593066.481906 sending message 112 to peer 0x5e6e98361130 (12 bytes)
1740593066.481912 sending message 112 to peer 0x5e6e98361130 (12 bytes)
1740593066.481918 sending message 112 to peer 0x5e6e98361130 (9 bytes)
1740593066.481924 sending message 112 to peer 0x5e6e98361130 (12 bytes)
1740593066.481932 sending message 112 to peer 0x5e6e98361130 (13 bytes)
1740593066.481937 sending message 112 to peer 0x5e6e98361130 (13 bytes)
1740593066.481943 sending message 112 to peer 0x5e6e98361130 (13 bytes)
1740593066.481949 sending message 112 to peer 0x5e6e98361130 (13 bytes)
1740593066.481954 sending message 112 to peer 0x5e6e98361130 (13 bytes)
1740593066.481960 sending message 112 to peer 0x5e6e98361130 (8 bytes)
1740593066.481966 sending message 112 to peer 0x5e6e98361130 (11 bytes)
1740593066.481972 sending message 112 to peer 0x5e6e98361130 (11 bytes)
1740593066.481978 sending message 112 to peer 0x5e6e98361130 (11 bytes)
1740593066.481984 sending message 112 to peer 0x5e6e98361130 (12 bytes)
1740593066.481989 sending message 112 to peer 0x5e6e98361130 (12 bytes)
1740593066.481995 sending message 112 to peer 0x5e6e98361130 (12 bytes)
1740593066.482001 sending message 112 to peer 0x5e6e98361130 (12 bytes)
1740593066.482006 sending message 112 to peer 0x5e6e98361130 (13 bytes)
1740593066.482012 sending message 112 to peer 0x5e6e98361130 (13 bytes)
1740593066.482018 sending message 112 to peer 0x5e6e98361130 (13 bytes)
1740593066.482024 sending message 112 to peer 0x5e6e98361130 (8 bytes)
1740593066.482030 sending message 112 to peer 0x5e6e98361130 (13 bytes)
1740593066.482035 sending message 112 to peer 0x5e6e98361130 (13 bytes)
1740593066.482041 sending message 112 to peer 0x5e6e98361130 (13 bytes)
1740593066.482047 sending message 112 to peer 0x5e6e98361130 (13 bytes)
1740593066.482054 sending message 112 to peer 0x5e6e98361130 (13 bytes)
1740593066.482060 sending message 112 to peer 0x5e6e98361130 (12 bytes)
1740593066.482066 sending message 112 to peer 0x5e6e98361130 (12 bytes)
1740593066.482072 sending message 112 to peer 0x5e6e98361130 (12 bytes)
1740593066.482078 sending message 112 to peer 0x5e6e98361130 (12 bytes)
1740593066.482083 sending message 112 to peer 0x5e6e98361130 (13 bytes)
1740593066.482089 sending message 112 to peer 0x5e6e98361130 (8 bytes)
1740593066.482095 sending message 112 to peer 0x5e6e98361130 (13 bytes)
1740593066.482101 sending message 112 to peer 0x5e6e98361130 (13 bytes)
1740593066.482106 sending message 112 to peer 0x5e6e98361130 (13 bytes)
1740593066.482112 sending message 112 to peer 0x5e6e98361130 (13 bytes)
1740593066.482117 sending message 112 to peer 0x5e6e98361130 (13 bytes)
1740593066.482123 sending message 112 to peer 0x5e6e98361130 (13 bytes)
1740593066.482129 sending message 112 to peer 0x5e6e98361130 (13 bytes)
1740593066.482134 sending message 112 to peer 0x5e6e98361130 (12 bytes)
1740593066.482141 sending message 112 to peer 0x5e6e98361130 (12 bytes)
1740593066.482146 sending message 112 to peer 0x5e6e98361130 (12 bytes)
1740593066.482153 sending message 112 to peer 0x5e6e98361130 (8 bytes)
1740593066.482159 sending message 112 to peer 0x5e6e98361130 (12 bytes)
1740593066.482165 sending message 112 to peer 0x5e6e98361130 (13 bytes)
1740593066.482176 sending message 112 to peer 0x5e6e98361130 (13 bytes)
1740593066.482181 sending message 112 to peer 0x5e6e98361130 (13 bytes)
1740593066.482187 sending message 112 to peer 0x5e6e98361130 (13 bytes)
1740593066.482193 sending message 112 to peer 0x5e6e98361130 (13 bytes)
1740593066.482198 sending message 112 to peer 0x5e6e98361130 (13 bytes)
1740593066.482204 sending message 112 to peer 0x5e6e98361130 (13 bytes)
1740593066.482210 sending message 112 to peer 0x5e6e98361130 (13 bytes)
1740593066.482216 sending message 112 to peer 0x5e6e98361130 (12 bytes)
1740593066.482222 sending message 112 to peer 0x5e6e98361130 (10 bytes)
1740593066.482228 sending message 112 to peer 0x5e6e98361130 (12 bytes)
1740593066.482234 sending message 112 to peer 0x5e6e98361130 (12 bytes)
1740593066.482240 sending message 112 to peer 0x5e6e98361130 (12 bytes)
1740593066.482247 sending message 112 to peer 0x5e6e98361130 (13 bytes)
1740593066.482252 sending message 112 to peer 0x5e6e98361130 (13 bytes)
1740593066.482258 sending message 112 to peer 0x5e6e98361130 (13 bytes)
1740593066.482264 sending message 112 to peer 0x5e6e98361130 (13 bytes)
1740593066.482270 sending message 112 to peer 0x5e6e98361130 (13 bytes)
1740593066.482276 sending message 112 to peer 0x5e6e98361130 (13 bytes)
1740593066.482281 sending message 112 to peer 0x5e6e98361130 (13 bytes)
1740593066.482287 sending message 112 to peer 0x5e6e98361130 (10 bytes)
1740593066.482293 sending message 112 to peer 0x5e6e98361130 (13 bytes)
1740593066.482299 sending message 112 to peer 0x5e6e98361130 (12 bytes)
1740593066.482304 sending message 112 to peer 0x5e6e98361130 (12 bytes)
1740593066.482310 sending message 112 to peer 0x5e6e98361130 (12 bytes)
1740593066.482315 sending message 112 to peer 0x5e6e98361130 (10 bytes)
1740593066.482321 sending message 112 to peer 0x5e6e98361130 (10 bytes)
1740593066.482327 sending message 112 to peer 0x5e6e98361130 (10 bytes)
1740593066.482332 sending message 112 to peer 0x5e6e98361130 (12 bytes)
1740593066.482338 sending message 112 to peer 0x5e6e98361130 (13 bytes)
1740593066.482344 sending message 112 to peer 0x5e6e98361130 (13 bytes)
1740593066.482349 sending message 112 to peer 0x5e6e98361130 (13 bytes)
1740593066.482355 sending message 112 to peer 0x5e6e98361130 (13 bytes)
1740593066.482361 sending message 112 to peer 0x5e6e98361130 (13 bytes)
1740593066.482366 sending message 112 to peer 0x5e6e98361130 (10 bytes)
1740593066.482372 sending message 112 to peer 0x5e6e98361130 (11 bytes)
1740593066.482377 sending message 112 to peer 0x5e6e98361130 (12 bytes)
1740593066.482383 sending message 112 to peer 0x5e6e98361130 (12 bytes)
1740593066.482389 sending message 112 to peer 0x5e6e98361130 (12 bytes)
1740593066.482395 sending message 112 to peer 0x5e6e98361130 (12 bytes)
1740593066.482400 sending message 112 to peer 0x5e6e98361130 (12 bytes)
1740593066.482406 sending message 112 to peer 0x5e6e98361130 (11 bytes)
1740593066.482412 sending message 112 to peer 0x5e6e98361130 (12 bytes)
1740593066.482417 sending message 112 to peer 0x5e6e98361130 (12 bytes)
1740593066.482423 sending message 112 to peer 0x5e6e98361130 (13 bytes)
1740593066.482429 sending message 112 to peer 0x5e6e98361130 (13 bytes)
1740593066.482435 sending message 112 to peer 0x5e6e98361130 (13 bytes)
1740593066.482441 sending message 112 to peer 0x5e6e98361130 (13 bytes)
1740593066.482447 sending message 112 to peer 0x5e6e98361130 (13 bytes)
1740593066.482452 sending message 112 to peer 0x5e6e98361130 (10 bytes)
1740593066.482458 sending message 112 to peer 0x5e6e98361130 (9 bytes)
1740593066.482463 sending message 112 to peer 0x5e6e98361130 (12 bytes)
1740593066.482469 sending message 112 to peer 0x5e6e98361130 (13 bytes)
1740593066.482475 sending message 112 to peer 0x5e6e98361130 (13 bytes)
1740593066.482500 sending message 112 to peer 0x5e6e98361130 (13 bytes)
1740593066.482510 sending message 112 to peer 0x5e6e98361130 (13 bytes)
1740593066.482516 sending message 112 to peer 0x5e6e98361130 (13 bytes)
1740593066.482522 sending message 112 to peer 0x5e6e98361130 (9 bytes)
1740593066.482532 sending message 112 to peer 0x5e6e98361130 (12 bytes)
1740593066.482538 sending message 112 to peer 0x5e6e98361130 (13 bytes)
1740593066.482544 sending message 112 to peer 0x5e6e98361130 (13 bytes)
1740593066.482550 sending message 112 to peer 0x5e6e98361130 (13 bytes)
1740593066.482555 sending message 112 to peer 0x5e6e98361130 (13 bytes)
1740593066.482561 sending message 112 to peer 0x5e6e98361130 (13 bytes)
1740593066.482568 sending message 112 to peer 0x5e6e98361130 (11 bytes)
1740593066.482574 sending message 112 to peer 0x5e6e98361130 (12 bytes)
1740593066.482580 sending message 112 to peer 0x5e6e98361130 (13 bytes)
1740593066.482585 sending message 112 to peer 0x5e6e98361130 (13 bytes)
1740593066.482591 sending message 112 to peer 0x5e6e98361130 (13 bytes)
1740593066.482597 sending message 112 to peer 0x5e6e98361130 (13 bytes)
1740593066.482603 sending message 112 to peer 0x5e6e98361130 (13 bytes)
1740593066.482610 sending message 112 to peer 0x5e6e98361130 (11 bytes)
1740593066.482616 sending message 112 to peer 0x5e6e98361130 (12 bytes)
1740593066.482622 sending message 112 to peer 0x5e6e98361130 (12 bytes)
1740593066.482627 sending message 112 to peer 0x5e6e98361130 (12 bytes)
1740593066.482633 sending message 112 to peer 0x5e6e98361130 (12 bytes)
1740593066.482638 sending message 112 to peer 0x5e6e98361130 (12 bytes)
1740593066.482644 sending message 112 to peer 0x5e6e98361130 (21 bytes)
1740593066.482650 sending message 112 to peer 0x5e6e98361130 (12 bytes)
1740593066.482656 sending message 112 to peer 0x5e6e98361130 (9 bytes)
1740593066.482662 sending message 112 to peer 0x5e6e98361130 (6 bytes)
1740593066.482668 sending message 112 to peer 0x5e6e98361130 (13 bytes)
1740593066.482674 sending message 112 to peer 0x5e6e98361130 (10 bytes)
1740593066.482679 sending message 112 to peer 0x5e6e98361130 (24 bytes)
1740593066.482685 sending message 112 to peer 0x5e6e98361130 (13 bytes)
1740593066.482691 sending message 112 to peer 0x5e6e98361130 (9 bytes)
1740593066.482697 sending message 112 to peer 0x5e6e98361130 (70 bytes)
1740593066.482703 sending message 112 to peer 0x5e6e98361130 (69 bytes)
1740593066.482708 sending message 112 to peer 0x5e6e98361130 (12 bytes)
1740593066.482714 sending message 112 to peer 0x5e6e98361130 (10 bytes)
1740593066.482720 sending message 112 to peer 0x5e6e98361130 (10 bytes)
1740593066.482726 sending message 112 to peer 0x5e6e98361130 (24 bytes)
1740593066.482731 sending message 112 to peer 0x5e6e98361130 (13 bytes)
1740593066.482737 sending message 112 to peer 0x5e6e98361130 (10 bytes)
1740593066.482743 sending message 112 to peer 0x5e6e98361130 (10 bytes)
1740593066.482749 sending message 112 to peer 0x5e6e98361130 (10 bytes)
1740593066.482754 sending message 112 to peer 0x5e6e98361130 (13 bytes)
1740593066.482760 sending message 112 to peer 0x5e6e98361130 (15 bytes)
1740593066.482766 sending message 112 to peer 0x5e6e98361130 (5 bytes)
1740593066.482773 sending message 104 to peer 0x5e6e98361130 (0 bytes)
1740593066.482779 sending message 110 to peer 0x5e6e98361130 (0 bytes)
1740593066.482786 sending message 107 to peer 0x5e6e98361130 (4 bytes)
1740593066.482792 sending message 105 to peer 0x5e6e98361130 (16 bytes)
1740593066.482798 sending message 105 to peer 0x5e6e98361130 (20 bytes)
1740593066.482804 sending message 105 to peer 0x5e6e98361130 (29 bytes)
1740593066.482810 sending message 105 to peer 0x5e6e98361130 (47 bytes)
1740593066.482816 sending message 105 to peer 0x5e6e98361130 (7 bytes)
1740593066.482822 sending message 105 to peer 0x5e6e98361130 (42 bytes)
1740593066.482828 sending message 105 to peer 0x5e6e98361130 (18 bytes)
1740593066.482834 sending message 105 to peer 0x5e6e98361130 (21 bytes)
1740593066.482841 sending message 105 to peer 0x5e6e98361130 (40 bytes)
1740593066.482847 sending message 105 to peer 0x5e6e98361130 (127 bytes)
1740593066.482853 sending message 105 to peer 0x5e6e98361130 (15 bytes)
1740593066.482859 sending message 105 to peer 0x5e6e98361130 (21 bytes)
1740593066.482865 sending message 105 to peer 0x5e6e98361130 (17 bytes)
1740593066.482876 sending message 105 to peer 0x5e6e98361130 (1519 bytes)
1740593066.482888 sending message 105 to peer 0x5e6e98361130 (32 bytes)
1740593066.482894 sending message 105 to peer 0x5e6e98361130 (30 bytes)
1740593066.482901 sending message 105 to peer 0x5e6e98361130 (141 bytes)
1740593066.482906 sending message 105 to peer 0x5e6e98361130 (48 bytes)
1740593066.482912 sending message 105 to peer 0x5e6e98361130 (31 bytes)
1740593066.482918 sending message 105 to peer 0x5e6e98361130 (34 bytes)
1740593066.482923 sending message 105 to peer 0x5e6e98361130 (23 bytes)
1740593066.482929 sending message 105 to peer 0x5e6e98361130 (20 bytes)
1740593066.482935 sending message 105 to peer 0x5e6e98361130 (11 bytes)
1740593066.482940 sending message 105 to peer 0x5e6e98361130 (32 bytes)
1740593066.482946 sending message 105 to peer 0x5e6e98361130 (15 bytes)
1740593066.482952 sending message 105 to peer 0x5e6e98361130 (64 bytes)
1740593066.482957 sending message 105 to peer 0x5e6e98361130 (14 bytes)
1740593066.482963 sending message 105 to peer 0x5e6e98361130 (8 bytes)
1740593066.482969 sending message 105 to peer 0x5e6e98361130 (20 bytes)
1740593066.482975 sending message 105 to peer 0x5e6e98361130 (55 bytes)
1740593066.482980 sending message 105 to peer 0x5e6e98361130 (31 bytes)
1740593066.482986 sending message 105 to peer 0x5e6e98361130 (53 bytes)
1740593066.482992 sending message 105 to peer 0x5e6e98361130 (32 bytes)
1740593066.482997 sending message 105 to peer 0x5e6e98361130 (23 bytes)
1740593066.483003 sending message 105 to peer 0x5e6e98361130 (158 bytes)
1740593066.483010 sending message 105 to peer 0x5e6e98361130 (82 bytes)
1740593066.483016 sending message 105 to peer 0x5e6e98361130 (129 bytes)
1740593066.483022 sending message 105 to peer 0x5e6e98361130 (284 bytes)
1740593066.483027 sending message 105 to peer 0x5e6e98361130 (54 bytes)
1740593066.483033 sending message 105 to peer 0x5e6e98361130 (20 bytes)
1740593066.483039 sending message 105 to peer 0x5e6e98361130 (88 bytes)
1740593066.483045 sending message 105 to peer 0x5e6e98361130 (16 bytes)
1740593066.483051 sending message 106 to peer 0x5e6e98361130 (0 bytes)
1740593066.483071 cmd_pack_argv: argv[0]=new-session
1740593066.483076 sending message 200 to peer 0x5e6e98361130 (16 bytes)
1740593066.483082 client loop enter
1740593066.483219 client loop exit
